2025-12-14 16:41:34,745 - INFO - Starting training for 5 epochs
2025-12-14 16:41:34,745 - INFO - Device: cpu
2025-12-14 16:41:34,745 - INFO - Model parameters: 959,593
2025-12-14 16:41:35,323 - INFO - Epoch 1/5 | Time: 0.58s | train_loss: 1.024705
2025-12-14 16:41:35,840 - INFO - Epoch 2/5 | Time: 0.52s | train_loss: 0.910142
2025-12-14 16:41:36,328 - INFO - Epoch 3/5 | Time: 0.49s | train_loss: 0.881670
2025-12-14 16:41:36,922 - INFO - Epoch 4/5 | Time: 0.59s | train_loss: 0.849366
2025-12-14 16:41:37,439 - INFO - Epoch 5/5 | Time: 0.52s | train_loss: 0.797754
2025-12-14 16:41:37,439 - INFO - Training completed in 2.69 seconds
2025-12-14 16:55:52,451 - INFO - Starting training for 5 epochs
2025-12-14 16:55:52,629 - INFO - Device: cpu
2025-12-14 16:55:52,629 - INFO - Model parameters: 959,593
2025-12-14 16:55:53,819 - INFO - Epoch 1/5 | Time: 1.19s | train_loss: 1.016445
2025-12-14 16:55:54,920 - INFO - Epoch 2/5 | Time: 1.10s | train_loss: 0.928124
2025-12-14 16:55:56,019 - INFO - Epoch 3/5 | Time: 1.10s | train_loss: 0.909876
2025-12-14 16:55:57,120 - INFO - Epoch 4/5 | Time: 1.10s | train_loss: 0.910180
2025-12-14 16:55:58,219 - INFO - Epoch 5/5 | Time: 1.10s | train_loss: 0.873776
2025-12-14 16:55:58,219 - INFO - Training completed in 5.59 seconds
2025-12-14 17:08:18,848 - INFO - Starting training for 5 epochs
2025-12-14 17:08:19,025 - INFO - Device: cpu
2025-12-14 17:08:19,025 - INFO - Model parameters: 959,593
2025-12-14 17:08:20,328 - INFO - Epoch 1/5 | Time: 1.30s | train_loss: 1.016445
2025-12-14 17:08:21,535 - INFO - Epoch 2/5 | Time: 1.21s | train_loss: 0.928124
2025-12-14 17:08:22,719 - INFO - Epoch 3/5 | Time: 1.18s | train_loss: 0.909876
2025-12-14 17:08:23,830 - INFO - Epoch 4/5 | Time: 1.11s | train_loss: 0.910180
2025-12-14 17:08:24,838 - INFO - Epoch 5/5 | Time: 1.01s | train_loss: 0.873776
2025-12-14 17:08:24,838 - INFO - Training completed in 5.81 seconds
